// Jest Snapshot v1, https://goo.gl/fbAQLP

exports[`Artist renders a Artist 1`] = `
<div>
  <h3>
    a cool band
     - 
    gross
  </h3>
  <Link
    replace={false}
    to="/artists/111"
  >
    Get Details
  </Link>
</div>
`;
