// Jest Snapshot v1, https://goo.gl/fbAQLP

exports[`Arist Test Renders a artist details 1`] = `
<div>
  <h3>
    David Banner
     - 
     
    <Link
      replace={false}
      to="/artists/abcd222"
    >
      Get Details: 
    </Link>
     
  </h3>
</div>
`;
