// Jest Snapshot v1, https://goo.gl/fbAQLP

exports[`Result Component renders component 1`] = `
<div>
  <h3>
    Jack Black
     - It was an electrical fire. Total electrical fire.
  </h3>
  <Link
    replace={false}
    to="/artists/abcd1243"
  >
    Get Details
  </Link>
</div>
`;
