// Jest Snapshot v1, https://goo.gl/fbAQLP

exports[`Lyrics Component renders component 1`] = `undefined`;
