// Jest Snapshot v1, https://goo.gl/fbAQLP

exports[`Search Component renders component 1`] = `
<Route>
  <Component />
</Route>
`;
