// Jest Snapshot v1, https://goo.gl/fbAQLP

exports[`artistDetail renders a artistDetail component 1`] = `undefined`;
