// Jest Snapshot v1, https://goo.gl/fbAQLP

exports[`Songs renders a Songs component 1`] = `
<Fragment>
  <h3 />
  <h4 />
  <p>
    blah
  </p>
</Fragment>
`;
