// Jest Snapshot v1, https://goo.gl/fbAQLP

exports[`Artist renders an Artist Component 1`] = `
<div>
  <h3>
    Nirvana
     - 
    blah
  </h3>
  <Link
    replace={false}
    to="/artists/1234"
  >
    Get Works by 
    Nirvana
    .
  </Link>
</div>
`;
