// Jest Snapshot v1, https://goo.gl/fbAQLP

exports[`artists renders a artists component 1`] = `undefined`;
