// Jest Snapshot v1, https://goo.gl/fbAQLP

exports[`Lyrics renders an Lyrics Component 1`] = `
<Fragment>
  <h3 />
  <h4 />
  <p>
    Lalalalala
  </p>
</Fragment>
`;
