// Jest Snapshot v1, https://goo.gl/fbAQLP

exports[`Works renders Works 1`] = `<Fragment />`;
